// Jest Snapshot v1, https://goo.gl/fbAQLP

exports[`snapshot 1`] = `
<button
  onClick={[Function]}
>
  Click
</button>
`;
